Hello from ZEN!